Microchip MPLAB XC8 Compiler V1.34 ()

Linker command line:

-W-3 --edf=C:\Program Files (x86)\Microchip\xc8\v1.34\dat\en_msgs.txt -cs \
  -h+dist/default/production\Final_lab.X.production.sym \
  --cmf=dist/default/production\Final_lab.X.production.cmf -z -Q18F4620 \
  -oC:\Users\MICHAE~1\AppData\Local\Temp\s1c0.6 \
  -Mdist/default/production/Final_lab.X.production.map -E1 -ver=XC8 \
  -ASTACK=014Ah-0f7fh -pstack=STACK -ACODE=00h-0FFFFh -ACONST=00h-0FFFFh \
  -ASMALLCONST=01000h-010FFhx240 -AMEDIUMCONST=01000h-0FFFFh \
  -ACOMRAM=01h-07Fh -AABS1=00h-0F7Fh -ABIGRAM=01h-0F7Fh \
  -ARAM=080h-0FFh,0100h-01FFhx14,0F00h-0F7Fh -ABANK0=080h-0FFh \
  -ABANK1=0100h-01FFh -ABANK2=0200h-02FFh -ABANK3=0300h-03FFh \
  -ABANK4=0400h-04FFh -ABANK5=0500h-05FFh -ABANK6=0600h-06FFh \
  -ABANK7=0700h-07FFh -ABANK8=0800h-08FFh -ABANK9=0900h-09FFh \
  -ABANK10=0A00h-0AFFh -ABANK11=0B00h-0BFFh -ABANK12=0C00h-0CFFh \
  -ABANK13=0D00h-0DFFh -ABANK14=0E00h-0EFFh -ABANK15=0F00h-0F7Fh \
  -ASFR=0F80h-0FFFh \
  -preset_vec=00h,intcode=08h,intcodelo,powerup,init,end_init \
  -pramtop=01000h -psmallconst=SMALLCONST -pmediumconst=MEDIUMCONST \
  -pconst=CONST -AFARRAM=00h-00h -ACONFIG=0300000h-030000Dh -pconfig=CONFIG \
  -AIDLOC=0200000h-0200007h -pidloc=IDLOC -AEEDATA=0F00000h-0F003FFh \
  -peeprom_data=EEDATA \
  -prdata=COMRAM,nvrram=COMRAM,nvbit=COMRAM,rbss=COMRAM,rbit=COMRAM \
  -pfarbss=FARRAM,fardata=FARRAM,nvFARRAM=FARRAM \
  -pintsave_regs=BIGRAM,bigbss=BIGRAM,bigdata=BIGRAM -pbss=RAM \
  -pidata=CODE,irdata=CODE,ibigdata=CODE,ifardata=CODE -prparam=COMRAM \
  C:\Users\MICHAE~1\AppData\Local\Temp\s1c0.obj \
  dist/default/production\Final_lab.X.production.obj 

Object code version is 3.11

Machine type is 18F4620

Call graph: (short form)




                Name                               Link     Load   Length Selector   Space Scale
C:\Users\MICHAE~1\AppData\Local\Temp\s1c0.obj
                end_init                             18       18        4        4       0
                reset_vec                             0        0        4        0       0
                idloc                            200000   200000        8   200000       0
                config                           300000   300000        E   300000       0
dist/default/production\Final_lab.X.production.obj
                intcode                               8        8       10        4       0
                mediumconst                        FC96     FC96      36A     7E4B       0
                text116                            3C00     3C00        A     1B4C       0
                text115                            15D2     15D2      17C        4       0
                text114                            3BF6     3BF6        A     1B4C       0
                text113                            3BEC     3BEC        A     1B4C       0
                text112                            3BB4     3BB4        E     1B4C       0
                intcode_body                       2B74     2B74       90        4       0
                text110                            3BC2     3BC2        C     1B4C       0
                text109                            3C1A     3C1A        8     1B4C       0
                text108                            3C12     3C12        8     1B4C       0
                text107                            3BE2     3BE2        A     1B4C       0
                text106                            3A88     3A88       16     1B4C       0
                text105                            3B46     3B46       12     1B4C       0
                text104                            3BD8     3BD8        A     1B4C       0
                text103                            3558     3558       48        4       0
                text102                            3B34     3B34       12     1B4C       0
                text101                            3B22     3B22       12     1B4C       0
                text100                            361C     361C       3E        4       0
                text99                             36D4     36D4       3C     1B4C       0
                text98                             39E0     39E0       1A     1B4C       0
                text97                             396A     396A       20     1B4C       0
                text96                             398A     398A       1E     1B4C       0
                text95                             3BCE     3BCE        A     1B4C       0
                text94                             3BA6     3BA6        E     1B4C       0
                text93                             38C2     38C2       24     1B4C       0
                text92                             3190     3190       5C        4       0
                text91                             347A     347A       4C        4       0
                text90                             384E     384E       28     1B4C       0
                text89                             3908     3908       22     1B4C       0
                text88                             3B98     3B98        E     1B4C       0
                text87                              9CE      9CE      35A        4       0
                text86                             3A72     3A72       16     1B4C       0
                text85                             2F88     2F88       70        4       0
                text84                             3AC6     3AC6       14     1B4C       0
                text83                             3134     3134       5C        4       0
                text82                             2A4E     2A4E       96        4       0
                text81                             2862     2862       B4        4       0
                text80                             3AB2     3AB2       14     1B4C       0
                text79                             3B88     3B88       10     1B4C       0
                text78                             3B78     3B78       10     1B4C       0
                text77                             3246     3246       56        4       0
                text76                             3774     3774       30     1B4C       0
                text75                             2D1A     2D1A       88        4       0
                text74                             34C6     34C6       4A        4       0
                text73                             18B4     18B4      156        4       0
                text72                             35DE     35DE       3E        4       0
                text71                             22C8     22C8       E2        4       0
                text70                             200E     200E       F2        4       0
                text69                             33E0     33E0       4E        4       0
                text68                             3B10     3B10       12     1B4C       0
                text67                             3C28     3C28        6     1B4C       0
                text66                             3AFE     3AFE       12     1B4C       0
                text65                             3C22     3C22        6     1B4C       0
                text64                             342E     342E       4C        4       0
                text63                             30CE     30CE       66        4       0
                text62                             2FF8     2FF8       6C        4       0
                text61                             2DA2     2DA2       84        4       0
                text60                             3340     3340       52        4       0
                text59                             3AEC     3AEC       12     1B4C       0
                text58                             1A0A     1A0A      110        4       0
                text57                             35A0     35A0       3E        4       0
                text56                             1F1C     1F1C       F2        4       0
                text55                             3824     3824       2A     1B4C       0
                text54                             127C     127C      1AE        4       0
                text53                             23AA     23AA       DC        4       0
                text52                             39C4     39C4       1C     1B4C       0
                text51                             3742     3742       32     1B4C       0
                text50                              64E      64E      380        4       0
                text49                             3A5A     3A5A       18     1B4C       0
                text48                             3B68     3B68       10     1B4C       0
                text47                              F0E      F0E      1BA        4       0
                text46                             3A42     3A42       18     1B4C       0
                text45                             10C8     10C8      1B4        4       0
                text44                             3A2A     3A2A       18     1B4C       0
                text43                             3392     3392       4E        4       0
                text42                             1C26     1C26      10C        4       0
                text41                             37FA     37FA       2A     1B4C       0
                text40                             2C92     2C92       88        4       0
                text39                             26EC     26EC       BE        4       0
                text38                             142A     142A      1A8        4       0
                text37                             38E6     38E6       22     1B4C       0
                text36                             2916     2916       A2        4       0
                text35                             3A9E     3A9E       14     1B4C       0
                text34                             3B58     3B58       10     1B4C       0
                text33                             3A12     3A12       18     1B4C       0
                text32                             2AE4     2AE4       90        4       0
                text31                             1E2A     1E2A       F2        4       0
                text30                             3064     3064       6A        4       0
                text29                             2C04     2C04       8E        4       0
                text28                             39FA     39FA       18     1B4C       0
                text27                             1B1A     1B1A      10C        4       0
                text26                             255C     255C       CA        4       0
                text25                             2626     2626       C6        4       0
                text24                             21E6     21E6       E2        4       0
                text23                             1D32     1D32       F8        4       0
                text22                             2100     2100       E6        4       0
                text21                             389C     389C       26     1B4C       0
                text20                             2486     2486       D6        4       0
                text19                             37D0     37D0       2A     1B4C       0
                text18                             37A4     37A4       2C     1B4C       0
                text17                             3ADA     3ADA       12     1B4C       0
                text16                             3710     3710       32     1B4C       0
                text15                             394A     394A       20     1B4C       0
                text14                             27AA     27AA       B8        4       0
                text13                             32EE     32EE       52        4       0
                text12                             329C     329C       52        4       0
                text11                             3C0A     3C0A        8     1B4C       0
                text10                             2F16     2F16       72        4       0
                text9                              29B8     29B8       96        4       0
                text8                              174E     174E      166        4       0
                text7                              39A8     39A8       1C     1B4C       0
                text6                              392A     392A       20     1B4C       0
                text5                                1C       1C      632        4       0
                text4                              3510     3510       48        4       0
                text3                              3698     3698       3C     1B4C       0
                text2                              3876     3876       26     1B4C       0
                text1                              2E26     2E26       7C        4       0
                text0                               D28      D28      1E6        4       0
                cstackCOMRAM                          1        1       49        1       1
                cstackBANK0                          FB       FB        5       80       1
                cstackBANK1                         13D      13D        D      100       1
                dataBANK1                           100      100       3D      100       1
                dataBANK0                            80       80       5A       80       1
                bssBANK0                             DA       DA       21       80       1
                dataCOMRAM                           6E       6E        1        1       1
                bssCOMRAM                            4A       4A       24        1       1
                cinit                              2EA2     2EA2       74        4       0
                idataBANK1                         365A     365A       3D        4       0
                idataBANK0                         31EC     31EC       5A        4       0
                idataCOMRAM                        3C2E     3C2E        1     1B4C       0

TOTAL           Name                               Link     Load   Length     Space
        CLASS   STACK          

        CLASS   CODE           
                end_init                             18       18        4         0
                intcode                               8        8       10         0
                reset_vec                             0        0        4         0
                text116                            3C00     3C00        A         0
                text115                            15D2     15D2      17C         0
                text114                            3BF6     3BF6        A         0
                text113                            3BEC     3BEC        A         0
                text112                            3BB4     3BB4        E         0
                intcode_body                       2B74     2B74       90         0
                text110                            3BC2     3BC2        C         0
                text109                            3C1A     3C1A        8         0
                text108                            3C12     3C12        8         0
                text107                            3BE2     3BE2        A         0
                text106                            3A88     3A88       16         0
                text105                            3B46     3B46       12         0
                text104                            3BD8     3BD8        A         0
                text103                            3558     3558       48         0
                text102                            3B34     3B34       12         0
                text101                            3B22     3B22       12         0
                text100                            361C     361C       3E         0
                text99                             36D4     36D4       3C         0
                text98                             39E0     39E0       1A         0
                text97                             396A     396A       20         0
                text96                             398A     398A       1E         0
                text95                             3BCE     3BCE        A         0
                text94                             3BA6     3BA6        E         0
                text93                             38C2     38C2       24         0
                text92                             3190     3190       5C         0
                text91                             347A     347A       4C         0
                text90                             384E     384E       28         0
                text89                             3908     3908       22         0
                text88                             3B98     3B98        E         0
                text87                              9CE      9CE      35A         0
                text86                             3A72     3A72       16         0
                text85                             2F88     2F88       70         0
                text84                             3AC6     3AC6       14         0
                text83                             3134     3134       5C         0
                text82                             2A4E     2A4E       96         0
                text81                             2862     2862       B4         0
                text80                             3AB2     3AB2       14         0
                text79                             3B88     3B88       10         0
                text78                             3B78     3B78       10         0
                text77                             3246     3246       56         0
                text76                             3774     3774       30         0
                text75                             2D1A     2D1A       88         0
                text74                             34C6     34C6       4A         0
                text73                             18B4     18B4      156         0
                text72                             35DE     35DE       3E         0
                text71                             22C8     22C8       E2         0
                text70                             200E     200E       F2         0
                text69                             33E0     33E0       4E         0
                text68                             3B10     3B10       12         0
                text67                             3C28     3C28        6         0
                text66                             3AFE     3AFE       12         0
                text65                             3C22     3C22        6         0
                text64                             342E     342E       4C         0
                text63                             30CE     30CE       66         0
                text62                             2FF8     2FF8       6C         0
                text61                             2DA2     2DA2       84         0
                text60                             3340     3340       52         0
                text59                             3AEC     3AEC       12         0
                text58                             1A0A     1A0A      110         0
                text57                             35A0     35A0       3E         0
                text56                             1F1C     1F1C       F2         0
                text55                             3824     3824       2A         0
                text54                             127C     127C      1AE         0
                text53                             23AA     23AA       DC         0
                text52                             39C4     39C4       1C         0
                text51                             3742     3742       32         0
                text50                              64E      64E      380         0
                text49                             3A5A     3A5A       18         0
                text48                             3B68     3B68       10         0
                text47                              F0E      F0E      1BA         0
                text46                             3A42     3A42       18         0
                text45                             10C8     10C8      1B4         0
                text44                             3A2A     3A2A       18         0
                text43                             3392     3392       4E         0
                text42                             1C26     1C26      10C         0
                text41                             37FA     37FA       2A         0
                text40                             2C92     2C92       88         0
                text39                             26EC     26EC       BE         0
                text38                             142A     142A      1A8         0
                text37                             38E6     38E6       22         0
                text36                             2916     2916       A2         0
                text35                             3A9E     3A9E       14         0
                text34                             3B58     3B58       10         0
                text33                             3A12     3A12       18         0
                text32                             2AE4     2AE4       90         0
                text31                             1E2A     1E2A       F2         0
                text30                             3064     3064       6A         0
                text29                             2C04     2C04       8E         0
                text28                             39FA     39FA       18         0
                text27                             1B1A     1B1A      10C         0
                text26                             255C     255C       CA         0
                text25                             2626     2626       C6         0
                text24                             21E6     21E6       E2         0
                text23                             1D32     1D32       F8         0
                text22                             2100     2100       E6         0
                text21                             389C     389C       26         0
                text20                             2486     2486       D6         0
                text19                             37D0     37D0       2A         0
                text18                             37A4     37A4       2C         0
                text17                             3ADA     3ADA       12         0
                text16                             3710     3710       32         0
                text15                             394A     394A       20         0
                text14                             27AA     27AA       B8         0
                text13                             32EE     32EE       52         0
                text12                             329C     329C       52         0
                text11                             3C0A     3C0A        8         0
                text10                             2F16     2F16       72         0
                text9                              29B8     29B8       96         0
                text8                              174E     174E      166         0
                text7                              39A8     39A8       1C         0
                text6                              392A     392A       20         0
                text5                                1C       1C      632         0
                text4                              3510     3510       48         0
                text3                              3698     3698       3C         0
                text2                              3876     3876       26         0
                text1                              2E26     2E26       7C         0
                text0                               D28      D28      1E6         0
                cinit                              2EA2     2EA2       74         0
                idataBANK1                         365A     365A       3D         0
                idataBANK0                         31EC     31EC       5A         0
                idataCOMRAM                        3C2E     3C2E        1         0

        CLASS   CONST          

        CLASS   SMALLCONST     

        CLASS   MEDIUMCONST    
                mediumconst                        FC96     FC96      36A         0

        CLASS   COMRAM         
                cstackCOMRAM                          1        1       49         1
                dataCOMRAM                           6E       6E        1         1
                bssCOMRAM                            4A       4A       24         1

        CLASS   ABS1           

        CLASS   BIGRAM         

        CLASS   RAM            

        CLASS   BANK0          
                cstackBANK0                          FB       FB        5         1
                dataBANK0                            80       80       5A         1
                bssBANK0                             DA       DA       21         1

        CLASS   BANK1          
                cstackBANK1                         13D      13D        D         1
                dataBANK1                           100      100       3D         1

        CLASS   BANK2          

        CLASS   BANK3          

        CLASS   BANK4          

        CLASS   BANK5          

        CLASS   BANK6          

        CLASS   BANK7          

        CLASS   BANK8          

        CLASS   BANK9          

        CLASS   BANK10         

        CLASS   BANK11         

        CLASS   BANK12         

        CLASS   BANK13         

        CLASS   BANK14         

        CLASS   BANK15         

        CLASS   SFR            

        CLASS   FARRAM         

        CLASS   CONFIG         
                config                           300000   300000        E         0

        CLASS   IDLOC          
                idloc                            200000   200000        8         0

        CLASS   EEDATA         



SEGMENTS        Name                           Load    Length   Top    Selector   Space  Class

                reset_vec                      000000  000004  000004         0       0  CODE    
                cstackCOMRAM                   000001  00006E  00006F         1       1  COMRAM  
                intcode                        000008  00368F  003697         4       0  CODE    
                dataBANK0                      000080  000080  000100        80       1  BANK0   
                dataBANK1                      000100  00004A  00014A       100       1  BANK1   
                text3                          003698  000597  003C2F      1B4C       0  CODE    
                mediumconst                    00FC96  00036A  010000      7E4B       0  MEDIUMCO
                idloc                          200000  000008  200008    200000       0  IDLOC   
                config                         300000  00000E  30000E    300000       0  CONFIG  


UNUSED ADDRESS RANGES

        Name                Unused          Largest block    Delta
        BANK1            00014A-0001FF               B6
        BANK10           000A00-000AFF              100
        BANK11           000B00-000BFF              100
        BANK12           000C00-000CFF              100
        BANK13           000D00-000DFF              100
        BANK14           000E00-000EFF              100
        BANK15           000F00-000F7F               80
        BANK2            000200-0002FF              100
        BANK3            000300-0003FF              100
        BANK4            000400-0004FF              100
        BANK5            000500-0005FF              100
        BANK6            000600-0006FF              100
        BANK7            000700-0007FF              100
        BANK8            000800-0008FF              100
        BANK9            000900-0009FF              100
        BIGRAM           00006F-00007F               11
                         00014A-000F7F              E36
        CODE             000004-000007                4
                         003697-003697                1
                         003C2F-00FC95             C067
        COMRAM           00006F-00007F               11
        CONST            000004-000007                4
                         003697-003697                1
                         003C2F-00FC95             C067
        EEDATA           F00000-F003FF              400
        MEDIUMCONST      003697-003697                1
                         003C2F-00FC95             C067
        RAM              00014A-000F7F              100
        SFR              000F80-000FFF               80
        SMALLCONST       003697-003697                1
                         003C2F-00FC95              100
        STACK            00014A-000F7F              E36

                                  Symbol Table

?_DS1621_Read_Temp                            cstackCOMRAM 000014
?___awdiv                                     cstackCOMRAM 000017
?___awmod                                     cstackBANK0  0000FB
?___awtoft                                    cstackCOMRAM 000019
?___ftdiv                                     cstackCOMRAM 00002C
?___ftmul                                     cstackCOMRAM 00001D
?___ftpack                                    cstackCOMRAM 000011
?___fttol                                     cstackCOMRAM 00003B
?___lbtoft                                    cstackCOMRAM 000019
?___lwdiv                                     cstackCOMRAM 000011
?___lwmod                                     cstackCOMRAM 000018
?___wmul                                      cstackCOMRAM 000011
?_dec_2_bcd                                   cstackBANK1  00013F
?_get_RPM                                     cstackBANK0  0000FE
?_get_duty_cycle                              cstackCOMRAM 000011
?_get_full_ADC                                cstackCOMRAM 000011
?_printf                                      cstackCOMRAM 00001D
?_read_volt                                   cstackBANK0  0000FB
?_strlen                                      cstackCOMRAM 000011
DS1621_Init@Device                            cstackCOMRAM 000016
DS1621_Read_Temp@Cmd                          cstackCOMRAM 000016
DS1621_Read_Temp@Data_Ret                     cstackCOMRAM 000017
DS1621_Read_Temp@Device                       cstackCOMRAM 000018
DS3231_Init@Address_7                         cstackCOMRAM 000017
DS3231_Init@Address_E                         cstackCOMRAM 000018
DS3231_Init@Device                            cstackCOMRAM 00001A
DS3231_Init@control_E                         cstackCOMRAM 000019
DS3231_Read_Alarm_Time@Address                cstackCOMRAM 000014
DS3231_Read_Alarm_Time@Device                 cstackCOMRAM 000015
DS3231_Read_Time@Address                      cstackCOMRAM 000014
DS3231_Read_Time@Device                       cstackCOMRAM 000015
DS3231_Turn_Off_Alarm@Address_E               cstackCOMRAM 00001B
DS3231_Turn_Off_Alarm@Address_F               cstackCOMRAM 00001C
DS3231_Turn_Off_Alarm@Device                  cstackCOMRAM 00001F
DS3231_Turn_Off_Alarm@control_E               cstackCOMRAM 00001D
DS3231_Turn_Off_Alarm@control_F               cstackCOMRAM 00001E
DS3231_Turn_On_Alarm@Address_E                cstackCOMRAM 00001B
DS3231_Turn_On_Alarm@Address_F                cstackCOMRAM 00001C
DS3231_Turn_On_Alarm@Device                   cstackCOMRAM 00001F
DS3231_Turn_On_Alarm@control_E                cstackCOMRAM 00001D
DS3231_Turn_On_Alarm@control_F                cstackCOMRAM 00001E
DS3231_Write_Alarm_Time@Address               cstackBANK1  000147
DS3231_Write_Alarm_Time@Device                cstackBANK1  000146
DS3231_Write_Time@Address                     cstackBANK1  000147
DS3231_Write_Time@Device                      cstackBANK1  000146
I2C_Init@c                                    cstackCOMRAM 000011
I2C_Read@ack                                  cstackCOMRAM 000011
I2C_Read@inByte                               cstackCOMRAM 000013
I2C_Read@n                                    cstackCOMRAM 000012
I2C_Write@n                                   cstackCOMRAM 000012
I2C_Write@outByte                             cstackCOMRAM 000011
I2C_Write_Address_Read_One_Byte@Address       cstackCOMRAM 000014
I2C_Write_Address_Read_One_Byte@Data_Ret      cstackCOMRAM 000015
I2C_Write_Address_Read_One_Byte@Device        cstackCOMRAM 000016
I2C_Write_Address_Write_One_Byte@Address      cstackCOMRAM 000013
I2C_Write_Address_Write_One_Byte@Data_Out     cstackCOMRAM 000014
I2C_Write_Address_Write_One_Byte@Device       cstackCOMRAM 000015
I2C_Write_Cmd_Only@Cmd                        cstackCOMRAM 000013
I2C_Write_Cmd_Only@Device                     cstackCOMRAM 000014
I2C_Write_Cmd_Write_Data@Cmd                  cstackCOMRAM 000013
I2C_Write_Cmd_Write_Data@Data_Out             cstackCOMRAM 000014
I2C_Write_Cmd_Write_Data@Device               cstackCOMRAM 000015
OpenUSART@config                              cstackCOMRAM 000013
OpenUSART@spbrg                               cstackCOMRAM 000011
Set_RGB_Color@color                           cstackCOMRAM 000011
Test_Alarm@alarm_case                         cstackCOMRAM 000022
Update_Screen@neg_DS1621_tempC                cstackBANK1  000143
Update_Screen@neg_tempF                       cstackBANK1  000141
Update_Setup_Heater_Screen@dc_char1           cstackBANK0  0000FB
Update_Setup_Heater_Screen@dc_char2           cstackBANK0  0000FC
Update_Setup_Heater_Screen@dc_char3           cstackBANK0  0000FD
Update_Setup_Screen_Cursor_Backward@field     cstackCOMRAM 00002E
Update_Setup_Screen_Cursor_Backward@xinc      cstackCOMRAM 000030
Update_Setup_Screen_Cursor_Backward@yinc      cstackCOMRAM 00002F
Update_Setup_Screen_Cursor_Forward@field      cstackCOMRAM 00002E
Update_Setup_Screen_Cursor_Forward@xinc       cstackCOMRAM 000030
Update_Setup_Screen_Cursor_Forward@yinc       cstackCOMRAM 00002F
_ADCON0                                       (abs)        000FC2
_ADCON0bits                                   (abs)        000FC2
_ADCON1                                       (abs)        000FC1
_ADCON2                                       (abs)        000FC0
_ADRESH                                       (abs)        000FC4
_ADRESL                                       (abs)        000FC3
_ALARMEN                                      bssBANK0     0000E1
_Activate_Buzzer                              text17       003ADA
_Activate_Buzzer_2KHz                         text66       003AFE
_Activate_Buzzer_500Hz                        text68       003B10
_Alarm_SW_Txt                                 dataBANK0    0000C4
_CCP1CON                                      (abs)        000FBD
_CCP2CON                                      (abs)        000FBA
_CCPR1L                                       (abs)        000FBE
_CCPR2L                                       (abs)        000FBB
_DC_Txt                                       dataBANK0    0000C8
_DS1621_Init                                  text96       00398A
_DS1621_Read_Temp                             text99       0036D4
_DS1621_tempC                                 bssCOMRAM    00004A
_DS1621_tempF                                 bssCOMRAM    00004C
_DS3231_Init                                  text14       0027AA
_DS3231_Read_Alarm_Time                       text64       00342E
_DS3231_Read_Time                             text63       0030CE
_DS3231_Turn_Off_Alarm                        text13       0032EE
_DS3231_Turn_On_Alarm                         text12       00329C
_DS3231_Write_Alarm_Time                      text61       002DA2
_DS3231_Write_Time                            text36       002916
_Deactivate_Buzzer                            text11       003C0A
_Decrease_Alarm_Time                          text69       0033E0
_Decrease_Time                                text37       0038E6
_Do_Beep_Bad                                  text67       003C28
_Do_Beep_Good                                 text65       003C22
_Do_Init                                      text83       003134
_Do_Save_New_Alarm_Time                       text49       003A5A
_Do_Save_New_Time                             text35       003A9E
_Do_Setup_Alarm_Time                          text39       0026EC
_Do_Setup_Heater_Temp                         text29       002C04
_Do_Setup_Time                                text26       00255C
_Exit_Setup_Alarm_Time                        text48       003B68
_Exit_Time_Setup                              text34       003B58
_Go_Next_Alarm_Field                          text46       003A42
_Go_Next_Field                                text33       003A12
_Go_Prev_Alarm_Field                          text44       003A2A
_Go_Prev_Field                                text28       0039FA
_HEATER                                       bssCOMRAM    000054
_Heater_SW_Txt                                dataBANK0    0000CC
_Heater_Set_Temp_Txt                          dataBANK0    0000B5
_I2C_Init                                     text95       003BCE
_I2C_ReStart                                  text106      003A88
_I2C_Read                                     text103      003558
_I2C_Start                                    text102      003B34
_I2C_Stop                                     text101      003B22
_I2C_Write                                    text100      00361C
_I2C_Write_Address_Read_One_Byte              text16       003710
_I2C_Write_Address_Write_One_Byte             text15       00394A
_I2C_Write_Cmd_Only                           text98       0039E0
_I2C_Write_Cmd_Write_Data                     text97       00396A
_INT0_isr                                     text115      0015D2
_INT1_flag                                    bssBANK0     0000EF
_INT1_isr                                     text114      003BF6
_INT2_flag                                    bssBANK0     0000F0
_INT2_isr                                     text113      003BEC
_INTCON2bits                                  (abs)        000FF1
_INTCON3bits                                  (abs)        000FF0
_INTCONbits                                   (abs)        000FF2
_In_Alarm_Time_Setup                          bssBANK0     0000F1
_In_Heater_Temp_Setup                         bssCOMRAM    000055
_In_Time_Setup                                bssBANK0     0000F2
_Increase_Alarm_Time                          text43       003392
_Increase_Time                                text32       002AE4
_Init_ADC                                     text94       003BA6
_Init_Interrupt                               text93       0038C2
_Initialize_Screen                            text50       00064E
_Initialize_Setup_Alarm_Time_Screen           text42       001C26
_Initialize_Setup_Heater_Screen               text31       001E2A
_Initialize_Setup_Time_Screen                 text27       001B1A
_LCD_Reset                                    text59       003AEC
_MATCHED                                      bssBANK0     0000E3
_Monitor_Heater                               text18       0037A4
_Nec_code                                     bssBANK0     0000DA
_Nec_code1                                    bssBANK0     0000F3
_Nec_state                                    bssBANK0     0000F4
_OSCCON                                       (abs)        000FD3
_OpenUSART                                    text85       002F88
_PIE1bits                                     (abs)        000F9D
_PIR1bits                                     (abs)        000F9E
_PORTAbits                                    (abs)        000F80
_PORTBbits                                    (abs)        000F81
_PORTCbits                                    (abs)        000F82
_PORTDbits                                    (abs)        000F83
_PORTE                                        (abs)        000F84
_PR2                                          (abs)        000FCB
_RBPU                                         (abs)        007F8F
_RCSTA                                        (abs)        000FAB
_RCSTAbits                                    (abs)        000FAB
_RPM_Txt                                      dataBANK0    0000BA
_RTC_ALARM_Txt                                dataBANK0    0000D8
_Rcmd1                                        text58       001A0A
_Rcmd2red                                     text57       0035A0
_Rcmd3                                        text56       001F1C
_SPBRG                                        (abs)        000FAF
_SPBRGH                                       (abs)        000FB0
_SSPBUF                                       (abs)        000FC9
_SSPCON1                                      (abs)        000FC6
_SSPSTAT                                      (abs)        000FC7
_SSPSTATbits                                  (abs)        000FC7
_Select_Alarm_Field                           bssCOMRAM    000056
_Select_Field                                 bssCOMRAM    000057
_Select_Heater_Temp_Field                     bssBANK0     0000F5
_Set_RGB_Color                                text10       002F16
_T0CON                                        (abs)        000FD5
_T0CONbits                                    (abs)        000FD5
_T1CON                                        (abs)        000FCD
_T1CONbits                                    (abs)        000FCD
_T2CON                                        (abs)        000FCA
_T3CON                                        (abs)        000FB1
_TFT_GreenTab_Initialize                      text55       003824
_TIMER1_isr                                   text112      003BB4
_TMR0H                                        (abs)        000FD7
_TMR0L                                        (abs)        000FD6
_TMR1H                                        (abs)        000FCF
_TMR1L                                        (abs)        000FCE
_TMR3L                                        (abs)        000FB2
_TRISA                                        (abs)        000F92
_TRISB                                        (abs)        000F93
_TRISC                                        (abs)        000F94
_TRISCbits                                    (abs)        000F94
_TRISD                                        (abs)        000F95
_TRISE                                        (abs)        000F96
_TRMT                                         (abs)        007D61
_TXREG                                        (abs)        000FAD
_TXSTA                                        (abs)        000FAC
_TXSTAbits                                    (abs)        000FAC
_Test_Alarm                                   text8        00174E
_Time_Elapsed                                 bssCOMRAM    00004E
_Toggle_Heater                                text6        00392A
_Turn_Off_Fan                                 text86       003A72
_Turn_On_Fan                                  text7        0039A8
_Update_Screen                                text5        00001C
_Update_Setup_Alarm_Time_Screen               text70       00200E
_Update_Setup_Heater_Screen                   text30       003064
_Update_Setup_Screen_Cursor_Backward          text45       0010C8
_Update_Setup_Screen_Cursor_Forward           text47       000F0E
_Update_Setup_Time_Screen                     text38       00142A
_Volt_Txt                                     dataBANK0    0000AF
__CFG_BOREN$OFF                               (abs)        000000
__CFG_CCP2MX$PORTBE                           (abs)        000000
__CFG_LVP$OFF                                 (abs)        000000
__CFG_OSC$INTIO67                             (abs)        000000
__CFG_WDT$OFF                                 (abs)        000000
__HRAM                                        (abs)        000000
__Habs1                                       abs1         000000
__Hbank0                                      bank0        000000
__Hbank1                                      bank1        000000
__Hbank10                                     bank10       000000
__Hbank11                                     bank11       000000
__Hbank12                                     bank12       000000
__Hbank13                                     bank13       000000
__Hbank14                                     bank14       000000
__Hbank15                                     bank15       000000
__Hbank2                                      bank2        000000
__Hbank3                                      bank3        000000
__Hbank4                                      bank4        000000
__Hbank5                                      bank5        000000
__Hbank6                                      bank6        000000
__Hbank7                                      bank7        000000
__Hbank8                                      bank8        000000
__Hbank9                                      bank9        000000
__Hbigbss                                     bigbss       000000
__Hbigdata                                    bigdata      000000
__Hbigram                                     bigram       000000
__Hbss                                        bss          000000
__HbssBANK0                                   bssBANK0     000000
__HbssCOMRAM                                  bssCOMRAM    000000
__Hcinit                                      cinit        000000
__Hclrtext                                    clrtext      000000
__Hcomram                                     comram       000000
__Hconfig                                     config       30000E
__Hconst                                      const        000000
__HcstackBANK0                                cstackBANK0  000000
__HcstackBANK1                                cstackBANK1  000000
__HcstackCOMRAM                               cstackCOMRAM 000000
__Hdata                                       data         000000
__HdataBANK0                                  dataBANK0    000000
__HdataBANK1                                  dataBANK1    000000
__HdataCOMRAM                                 dataCOMRAM   000000
__Heeprom_data                                eeprom_data  000000
__Hend_init                                   end_init     00001C
__Hfarbss                                     farbss       000000
__Hfardata                                    fardata      000000
__Hibigdata                                   ibigdata     000000
__Hidata                                      idata        000000
__HidataBANK0                                 idataBANK0   000000
__HidataBANK1                                 idataBANK1   000000
__HidataCOMRAM                                idataCOMRAM  000000
__Hidloc                                      idloc        200008
__Hifardata                                   ifardata     000000
__Hinit                                       init         000018
__Hintcode                                    intcode      000018
__Hintcode_body                               intcode_body 000000
__Hintcodelo                                  intcodelo    000018
__Hintentry                                   intentry     000000
__Hintret                                     intret       000000
__Hintsave_regs                               intsave_regs 000000
__Hirdata                                     irdata       000000
__Hmediumconst                                mediumconst  010000
__HnvFARRAM                                   nvFARRAM     000000
__Hnvbit                                      nvbit        000000
__Hnvrram                                     nvrram       000000
__Hparam                                      rparam       000000
__Hpowerup                                    powerup      000018
__Hram                                        ram          000000
__Hramtop                                     ramtop       001000
__Hrbit                                       rbit         000000
__Hrbss                                       rbss         000000
__Hrdata                                      rdata        000000
__Hreset_vec                                  reset_vec    000004
__Hrparam                                     rparam       000000
__Hsfr                                        sfr          000000
__Hsmallconst                                 smallconst   000000
__Hspace_0                                    (abs)        30000E
__Hspace_1                                    (abs)        00014A
__Hspace_2                                    (abs)        000000
__Hstack                                      stack        000000
__Hstruct                                     struct       000000
__Htemp                                       temp         000000
__Htext                                       text         000000
__Htext0                                      text0        000000
__Htext1                                      text1        000000
__Htext10                                     text10       000000
__Htext100                                    text100      000000
__Htext101                                    text101      000000
__Htext102                                    text102      000000
__Htext103                                    text103      000000
__Htext104                                    text104      000000
__Htext105                                    text105      000000
__Htext106                                    text106      000000
__Htext107                                    text107      000000
__Htext108                                    text108      000000
__Htext109                                    text109      000000
__Htext11                                     text11       000000
__Htext110                                    text110      000000
__Htext112                                    text112      000000
__Htext113                                    text113      000000
__Htext114                                    text114      000000
__Htext115                                    text115      000000
__Htext116                                    text116      000000
__Htext12                                     text12       000000
__Htext13                                     text13       000000
__Htext14                                     text14       000000
__Htext15                                     text15       000000
__Htext16                                     text16       000000
__Htext17                                     text17       000000
__Htext18                                     text18       000000
__Htext19                                     text19       000000
__Htext2                                      text2        000000
__Htext20                                     text20       000000
__Htext21                                     text21       000000
__Htext22                                     text22       000000
__Htext23                                     text23       000000
__Htext24                                     text24       000000
__Htext25                                     text25       000000
__Htext26                                     text26       000000
__Htext27                                     text27       000000
__Htext28                                     text28       000000
__Htext29                                     text29       000000
__Htext3                                      text3        000000
__Htext30                                     text30       000000
__Htext31                                     text31       000000
__Htext32                                     text32       000000
__Htext33                                     text33       000000
__Htext34                                     text34       000000
__Htext35                                     text35       000000
__Htext36                                     text36       000000
__Htext37                                     text37       000000
__Htext38                                     text38       000000
__Htext39                                     text39       000000
__Htext4                                      text4        000000
__Htext40                                     text40       000000
__Htext41                                     text41       000000
__Htext42                                     text42       000000
__Htext43                                     text43       000000
__Htext44                                     text44       000000
__Htext45                                     text45       000000
__Htext46                                     text46       000000
__Htext47                                     text47       000000
__Htext48                                     text48       000000
__Htext49                                     text49       000000
__Htext5                                      text5        000000
__Htext50                                     text50       000000
__Htext51                                     text51       000000
__Htext52                                     text52       000000
__Htext53                                     text53       000000
__Htext54                                     text54       000000
__Htext55                                     text55       000000
__Htext56                                     text56       000000
__Htext57                                     text57       000000
__Htext58                                     text58       000000
__Htext59                                     text59       000000
__Htext6                                      text6        000000
__Htext60                                     text60       000000
__Htext61                                     text61       000000
__Htext62                                     text62       000000
__Htext63                                     text63       000000
__Htext64                                     text64       000000
__Htext65                                     text65       000000
__Htext66                                     text66       000000
__Htext67                                     text67       000000
__Htext68                                     text68       000000
__Htext69                                     text69       000000
__Htext7                                      text7        000000
__Htext70                                     text70       000000
__Htext71                                     text71       000000
__Htext72                                     text72       000000
__Htext73                                     text73       000000
__Htext74                                     text74       000000
__Htext75                                     text75       000000
__Htext76                                     text76       000000
__Htext77                                     text77       000000
__Htext78                                     text78       000000
__Htext79                                     text79       000000
__Htext8                                      text8        000000
__Htext80                                     text80       000000
__Htext81                                     text81       000000
__Htext82                                     text82       000000
__Htext83                                     text83       000000
__Htext84                                     text84       000000
__Htext85                                     text85       000000
__Htext86                                     text86       000000
__Htext87                                     text87       000000
__Htext88                                     text88       000000
__Htext89                                     text89       000000
__Htext9                                      text9        000000
__Htext90                                     text90       000000
__Htext91                                     text91       000000
__Htext92                                     text92       000000
__Htext93                                     text93       000000
__Htext94                                     text94       000000
__Htext95                                     text95       000000
__Htext96                                     text96       000000
__Htext97                                     text97       000000
__Htext98                                     text98       000000
__Htext99                                     text99       000000
__LRAM                                        (abs)        000001
__Labs1                                       abs1         000000
__Lbank0                                      bank0        000000
__Lbank1                                      bank1        000000
__Lbank10                                     bank10       000000
__Lbank11                                     bank11       000000
__Lbank12                                     bank12       000000
__Lbank13                                     bank13       000000
__Lbank14                                     bank14       000000
__Lbank15                                     bank15       000000
__Lbank2                                      bank2        000000
__Lbank3                                      bank3        000000
__Lbank4                                      bank4        000000
__Lbank5                                      bank5        000000
__Lbank6                                      bank6        000000
__Lbank7                                      bank7        000000
__Lbank8                                      bank8        000000
__Lbank9                                      bank9        000000
__Lbigbss                                     bigbss       000000
__Lbigdata                                    bigdata      000000
__Lbigram                                     bigram       000000
__Lbss                                        bss          000000
__LbssBANK0                                   bssBANK0     000000
__LbssCOMRAM                                  bssCOMRAM    000000
__Lcinit                                      cinit        000000
__Lclrtext                                    clrtext      000000
__Lcomram                                     comram       000000
__Lconfig                                     config       300000
__Lconst                                      const        000000
__LcstackBANK0                                cstackBANK0  000000
__LcstackBANK1                                cstackBANK1  000000
__LcstackCOMRAM                               cstackCOMRAM 000000
__Ldata                                       data         000000
__LdataBANK0                                  dataBANK0    000000
__LdataBANK1                                  dataBANK1    000000
__LdataCOMRAM                                 dataCOMRAM   000000
__Leeprom_data                                eeprom_data  000000
__Lend_init                                   end_init     000018
__Lfarbss                                     farbss       000000
__Lfardata                                    fardata      000000
__Libigdata                                   ibigdata     000000
__Lidata                                      idata        000000
__LidataBANK0                                 idataBANK0   000000
__LidataBANK1                                 idataBANK1   000000
__LidataCOMRAM                                idataCOMRAM  000000
__Lidloc                                      idloc        200000
__Lifardata                                   ifardata     000000
__Linit                                       init         000018
__Lintcode                                    intcode      000008
__Lintcode_body                               intcode_body 000000
__Lintcodelo                                  intcodelo    000018
__Lintentry                                   intentry     000000
__Lintret                                     intret       000000
__Lintsave_regs                               intsave_regs 000000
__Lirdata                                     irdata       000000
__Lmediumconst                                mediumconst  00FC96
__LnvFARRAM                                   nvFARRAM     000000
__Lnvbit                                      nvbit        000000
__Lnvrram                                     nvrram       000000
__Lparam                                      rparam       000000
__Lpowerup                                    powerup      000018
__Lram                                        ram          000000
__Lramtop                                     ramtop       001000
__Lrbit                                       rbit         000000
__Lrbss                                       rbss         000000
__Lrdata                                      rdata        000000
__Lreset_vec                                  reset_vec    000000
__Lrparam                                     rparam       000000
__Lsfr                                        sfr          000000
__Lsmallconst                                 smallconst   000000
__Lspace_0                                    (abs)        000000
__Lspace_1                                    (abs)        000000
__Lspace_2                                    (abs)        000000
__Lstack                                      stack        000000
__Lstruct                                     struct       000000
__Ltemp                                       temp         000000
__Ltext                                       text         000000
__Ltext0                                      text0        000000
__Ltext1                                      text1        000000
__Ltext10                                     text10       000000
__Ltext100                                    text100      000000
__Ltext101                                    text101      000000
__Ltext102                                    text102      000000
__Ltext103                                    text103      000000
__Ltext104                                    text104      000000
__Ltext105                                    text105      000000
__Ltext106                                    text106      000000
__Ltext107                                    text107      000000
__Ltext108                                    text108      000000
__Ltext109                                    text109      000000
__Ltext11                                     text11       000000
__Ltext110                                    text110      000000
__Ltext112                                    text112      000000
__Ltext113                                    text113      000000
__Ltext114                                    text114      000000
__Ltext115                                    text115      000000
__Ltext116                                    text116      000000
__Ltext12                                     text12       000000
__Ltext13                                     text13       000000
__Ltext14                                     text14       000000
__Ltext15                                     text15       000000
__Ltext16                                     text16       000000
__Ltext17                                     text17       000000
__Ltext18                                     text18       000000
__Ltext19                                     text19       000000
__Ltext2                                      text2        000000
__Ltext20                                     text20       000000
__Ltext21                                     text21       000000
__Ltext22                                     text22       000000
__Ltext23                                     text23       000000
__Ltext24                                     text24       000000
__Ltext25                                     text25       000000
__Ltext26                                     text26       000000
__Ltext27                                     text27       000000
__Ltext28                                     text28       000000
__Ltext29                                     text29       000000
__Ltext3                                      text3        000000
__Ltext30                                     text30       000000
__Ltext31                                     text31       000000
__Ltext32                                     text32       000000
__Ltext33                                     text33       000000
__Ltext34                                     text34       000000
__Ltext35                                     text35       000000
__Ltext36                                     text36       000000
__Ltext37                                     text37       000000
__Ltext38                                     text38       000000
__Ltext39                                     text39       000000
__Ltext4                                      text4        000000
__Ltext40                                     text40       000000
__Ltext41                                     text41       000000
__Ltext42                                     text42       000000
__Ltext43                                     text43       000000
__Ltext44                                     text44       000000
__Ltext45                                     text45       000000
__Ltext46                                     text46       000000
__Ltext47                                     text47       000000
__Ltext48                                     text48       000000
__Ltext49                                     text49       000000
__Ltext5                                      text5        000000
__Ltext50                                     text50       000000
__Ltext51                                     text51       000000
__Ltext52                                     text52       000000
__Ltext53                                     text53       000000
__Ltext54                                     text54       000000
__Ltext55                                     text55       000000
__Ltext56                                     text56       000000
__Ltext57                                     text57       000000
__Ltext58                                     text58       000000
__Ltext59                                     text59       000000
__Ltext6                                      text6        000000
__Ltext60                                     text60       000000
__Ltext61                                     text61       000000
__Ltext62                                     text62       000000
__Ltext63                                     text63       000000
__Ltext64                                     text64       000000
__Ltext65                                     text65       000000
__Ltext66                                     text66       000000
__Ltext67                                     text67       000000
__Ltext68                                     text68       000000
__Ltext69                                     text69       000000
__Ltext7                                      text7        000000
__Ltext70                                     text70       000000
__Ltext71                                     text71       000000
__Ltext72                                     text72       000000
__Ltext73                                     text73       000000
__Ltext74                                     text74       000000
__Ltext75                                     text75       000000
__Ltext76                                     text76       000000
__Ltext77                                     text77       000000
__Ltext78                                     text78       000000
__Ltext79                                     text79       000000
__Ltext8                                      text8        000000
__Ltext80                                     text80       000000
__Ltext81                                     text81       000000
__Ltext82                                     text82       000000
__Ltext83                                     text83       000000
__Ltext84                                     text84       000000
__Ltext85                                     text85       000000
__Ltext86                                     text86       000000
__Ltext87                                     text87       000000
__Ltext88                                     text88       000000
__Ltext89                                     text89       000000
__Ltext9                                      text9        000000
__Ltext90                                     text90       000000
__Ltext91                                     text91       000000
__Ltext92                                     text92       000000
__Ltext93                                     text93       000000
__Ltext94                                     text94       000000
__Ltext95                                     text95       000000
__Ltext96                                     text96       000000
__Ltext97                                     text97       000000
__Ltext98                                     text98       000000
__Ltext99                                     text99       000000
__S0                                          (abs)        30000E
__S1                                          (abs)        00014A
__S2                                          (abs)        000000
___awdiv                                      text82       002A4E
___awdiv@counter                              cstackCOMRAM 00001B
___awdiv@dividend                             cstackCOMRAM 000017
___awdiv@divisor                              cstackCOMRAM 000019
___awdiv@quotient                             cstackCOMRAM 00001D
___awdiv@sign                                 cstackCOMRAM 00001C
___awmod                                      text81       002862
___awmod@counter                              cstackBANK1  00013D
___awmod@dividend                             cstackBANK0  0000FB
___awmod@divisor                              cstackBANK0  0000FD
___awmod@sign                                 cstackBANK1  00013E
___awtoft                                     text3        003698
___awtoft@c                                   cstackCOMRAM 000019
___awtoft@sign                                cstackCOMRAM 00001C
___ftdiv                                      text24       0021E6
___ftdiv@cntr                                 cstackCOMRAM 000035
___ftdiv@exp                                  cstackCOMRAM 000039
___ftdiv@f1                                   cstackCOMRAM 00002C
___ftdiv@f2                                   cstackCOMRAM 00002F
___ftdiv@f3                                   cstackCOMRAM 000036
___ftdiv@sign                                 cstackCOMRAM 00003A
___ftge                                       text9        0029B8
___ftge@ff1                                   cstackCOMRAM 000011
___ftge@ff2                                   cstackCOMRAM 000014
___ftmul                                      text23       001D32
___ftmul@cntr                                 cstackCOMRAM 00002A
___ftmul@exp                                  cstackCOMRAM 000026
___ftmul@f1                                   cstackCOMRAM 00001D
___ftmul@f2                                   cstackCOMRAM 000020
___ftmul@f3_as_product                        cstackCOMRAM 000027
___ftmul@sign                                 cstackCOMRAM 00002B
___ftpack                                     text25       002626
___ftpack@arg                                 cstackCOMRAM 000011
___ftpack@exp                                 cstackCOMRAM 000014
___ftpack@sign                                cstackCOMRAM 000015
___fttol                                      text22       002100
___fttol@exp1                                 cstackCOMRAM 000049
___fttol@f1                                   cstackCOMRAM 00003B
___fttol@lval                                 cstackCOMRAM 000045
___fttol@sign1                                cstackCOMRAM 000044
___inthi_sp                                   stack        000000
___intlo_sp                                   stack        000000
___lbtoft                                     text21       00389C
___lbtoft@c                                   cstackCOMRAM 00001C
___lwdiv                                      text92       003190
___lwdiv@counter                              cstackCOMRAM 000017
___lwdiv@dividend                             cstackCOMRAM 000011
___lwdiv@divisor                              cstackCOMRAM 000013
___lwdiv@quotient                             cstackCOMRAM 000015
___lwmod                                      text91       00347A
___lwmod@counter                              cstackCOMRAM 00001C
___lwmod@dividend                             cstackCOMRAM 000018
___lwmod@divisor                              cstackCOMRAM 00001A
___param_bank                                 (abs)        000010
___rparam_used                                (abs)        000001
___sp                                         stack        000000
___wmul                                       text90       00384E
___wmul@multiplicand                          cstackCOMRAM 000013
___wmul@multiplier                            cstackCOMRAM 000011
___wmul@product                               cstackCOMRAM 000015
__accesstop                                   (abs)        000080
__activetblptr                                (abs)        000002
__end_of_Activate_Buzzer                      text17       003AEC
__end_of_Activate_Buzzer_2KHz                 text66       003B10
__end_of_Activate_Buzzer_500Hz                text68       003B22
__end_of_DS1621_Init                          text96       0039A8
__end_of_DS1621_Read_Temp                     text99       003710
__end_of_DS3231_Init                          text14       002862
__end_of_DS3231_Read_Alarm_Time               text64       00347A
__end_of_DS3231_Read_Time                     text63       003134
__end_of_DS3231_Turn_Off_Alarm                text13       003340
__end_of_DS3231_Turn_On_Alarm                 text12       0032EE
__end_of_DS3231_Write_Alarm_Time              text61       002E26
__end_of_DS3231_Write_Time                    text36       0029B8
__end_of_Deactivate_Buzzer                    text11       003C12
__end_of_Decrease_Alarm_Time                  text69       00342E
__end_of_Decrease_Time                        text37       003908
__end_of_Do_Beep_Bad                          text67       003C2E
__end_of_Do_Beep_Good                         text65       003C28
__end_of_Do_Init                              text83       003190
__end_of_Do_Save_New_Alarm_Time               text49       003A72
__end_of_Do_Save_New_Time                     text35       003AB2
__end_of_Do_Setup_Alarm_Time                  text39       0027AA
__end_of_Do_Setup_Heater_Temp                 text29       002C92
__end_of_Do_Setup_Time                        text26       002626
__end_of_Exit_Setup_Alarm_Time                text48       003B78
__end_of_Exit_Time_Setup                      text34       003B68
__end_of_Go_Next_Alarm_Field                  text46       003A5A
__end_of_Go_Next_Field                        text33       003A2A
__end_of_Go_Prev_Alarm_Field                  text44       003A42
__end_of_Go_Prev_Field                        text28       003A12
__end_of_I2C_Init                             text95       003BD8
__end_of_I2C_ReStart                          text106      003A9E
__end_of_I2C_Read                             text103      0035A0
__end_of_I2C_Start                            text102      003B46
__end_of_I2C_Stop                             text101      003B34
__end_of_I2C_Write                            text100      00365A
__end_of_I2C_Write_Address_Read_One_Byte      text16       003742
__end_of_I2C_Write_Address_Write_One_Byte     text15       00396A
__end_of_I2C_Write_Cmd_Only                   text98       0039FA
__end_of_I2C_Write_Cmd_Write_Data             text97       00398A
__end_of_INT0_isr                             text115      00174E
__end_of_INT1_isr                             text114      003C00
__end_of_INT2_isr                             text113      003BF6
__end_of_Increase_Alarm_Time                  text43       0033E0
__end_of_Increase_Time                        text32       002B74
__end_of_Init_ADC                             text94       003BB4
__end_of_Init_Interrupt                       text93       0038E6
__end_of_Initialize_Screen                    text50       0009CE
__end_of_Initialize_Setup_Alarm_Time_Screen   text42       001D32
__end_of_Initialize_Setup_Heater_Screen       text31       001F1C
__end_of_Initialize_Setup_Time_Screen         text27       001C26
__end_of_LCD_Reset                            text59       003AFE
__end_of_Monitor_Heater                       text18       0037D0
__end_of_OpenUSART                            text85       002FF8
__end_of_Rcmd1                                text58       001B1A
__end_of_Rcmd2red                             text57       0035DE
__end_of_Rcmd3                                text56       00200E
__end_of_Set_RGB_Color                        text10       002F88
__end_of_TFT_GreenTab_Initialize              text55       00384E
__end_of_TIMER1_isr                           text112      003BC2
__end_of_Test_Alarm                           text8        0018B4
__end_of_Toggle_Heater                        text6        00394A
__end_of_Turn_Off_Fan                         text86       003A88
__end_of_Turn_On_Fan                          text7        0039C4
__end_of_Update_Screen                        text5        00064E
__end_of_Update_Setup_Alarm_Time_Screen       text70       002100
__end_of_Update_Setup_Heater_Screen           text30       0030CE
__end_of_Update_Setup_Screen_Cursor_Backward  text45       00127C
__end_of_Update_Setup_Screen_Cursor_Forward   text47       0010C8
[...]
 This function is called by:
		_I2C_Init
		_I2C_Read
		_I2C_Write
		_i2cNack
		_i2cAck
		_I2C_Start
		_I2C_ReStart
		_I2C_Stop
 This function uses a non-reentrant model


 *************** function _chkisr *****************
 Defined at:
		line 39 in file "C:/Users/Michael Luna/Desktop/ECE 3301 Files/ECE3301L_Spring22_Final_Lab_Sample/Interrupt.c"
 Parameters:    Size  Location     Type
		None
 Auto vars:     Size  Location     Type
		None
 Return value:  Size  Location     Type
		None               void
 Registers used:
		wreg, status,2, status,0, cstack
 Tracked objects:
		On entry : 
		On exit  : 
		Unchanged: 
 Data sizes:     COMRAM   BANK0   BANK1   BANK2   BANK3   BANK4   BANK5   BANK6   BANK7   BANK8   BANK9  BANK10  BANK11  BANK12  BANK13  BANK14  BANK15
      Params:         0       0       0       0       0       0       0       0       0       0       0       0       0       0       0       0       0
      Locals:         0       0       0       0       0       0       0       0       0       0       0       0       0       0       0       0       0
      Temps:         14       0       0       0       0       0       0       0       0       0       0       0       0       0       0       0       0
      Totals:        14       0       0       0       0       0       0       0       0       0       0       0       0       0       0       0       0
Total ram usage:       14 bytes
 Hardware stack levels used:    1
 Hardware stack levels required when called:    2
 This function calls:
		_INT0_isr
		_INT1_isr
		_INT2_isr
		_TIMER1_isr
 This function is called by:
		Interrupt level 2
 This function uses a non-reentrant model


 *************** function _TIMER1_isr *****************
 Defined at:
		line 48 in file "C:/Users/Michael Luna/Desktop/ECE 3301 Files/ECE3301L_Spring22_Final_Lab_Sample/Interrupt.c"
 Parameters:    Size  Location     Type
		None
 Auto vars:     Size  Location     Type
		None
 Return value:  Size  Location     Type
		None               void
 Registers used:
		wreg, status,2
 Tracked objects:
		On entry : 
		On exit  : 
		Unchanged: 
 Data sizes:     COMRAM   BANK0   BANK1   BANK2   BANK3   BANK4   BANK5   BANK6   BANK7   BANK8   BANK9  BANK10  BANK11  BANK12  BANK13  BANK14  BANK15
      Params:         0       0       0       0       0       0       0       0       0       0       0       0       0       0       0       0       0
      Locals:         0       0       0       0       0       0       0       0       0       0       0       0       0       0       0       0       0
      Temps:          0       0       0       0       0       0       0       0       0       0       0       0       0       0       0       0       0
      Totals:         0       0       0       0       0       0       0       0       0       0       0       0       0       0       0       0       0
Total ram usage:        0 bytes
 Hardware stack levels used:    1
 This function calls:
		Nothing
 This function is called by:
		_chkisr
 This function uses a non-reentrant model


 *************** function _INT2_isr *****************
 Defined at:
		line 174 in file "C:/Users/Michael Luna/Desktop/ECE 3301 Files/ECE3301L_Spring22_Final_Lab_Sample/Interrupt.c"
 Parameters:    Size  Location     Type
		None
 Auto vars:     Size  Location     Type
		None
 Return value:  Size  Location     Type
		None               void
 Registers used:
		wreg, status,2
 Tracked objects:
		On entry : 
		On exit  : 
		Unchanged: 
 Data sizes:     COMRAM   BANK0   BANK1   BANK2   BANK3   BANK4   BANK5   BANK6   BANK7   BANK8   BANK9  BANK10  BANK11  BANK12  BANK13  BANK14  BANK15
      Params:         0       0       0       0       0       0       0       0       0       0       0       0       0       0       0       0       0
      Locals:         0       0       0       0       0       0       0       0       0       0       0       0       0       0       0       0       0
      Temps:          0       0       0       0       0       0       0       0       0       0       0       0       0       0       0       0       0
      Totals:         0       0       0       0       0       0       0       0       0       0       0       0       0       0       0       0       0
Total ram usage:        0 bytes
 Hardware stack levels used:    1
 This function calls:
		Nothing
 This function is called by:
		_chkisr
 This function uses a non-reentrant model


 *************** function _INT1_isr *****************
 Defined at:
		line 166 in file "C:/Users/Michael Luna/Desktop/ECE 3301 Files/ECE3301L_Spring22_Final_Lab_Sample/Interrupt.c"
 Parameters:    Size  Location     Type
		None
 Auto vars:     Size  Location     Type
		None
 Return value:  Size  Location     Type
		None               void
 Registers used:
		wreg, status,2
 Tracked objects:
		On entry : 
		On exit  : 
		Unchanged: 
 Data sizes:     COMRAM   BANK0   BANK1   BANK2   BANK3   BANK4   BANK5   BANK6   BANK7   BANK8   BANK9  BANK10  BANK11  BANK12  BANK13  BANK14  BANK15
      Params:         0       0       0       0       0       0       0       0       0       0       0       0       0       0       0       0       0
      Locals:         0       0       0       0       0       0       0       0       0       0       0       0       0       0       0       0       0
      Temps:          0       0       0       0       0       0       0       0       0       0       0       0       0       0       0       0       0
      Totals:         0       0       0       0       0       0       0       0       0       0       0       0       0       0       0       0       0
Total ram usage:        0 bytes
 Hardware stack levels used:    1
 This function calls:
		Nothing
 This function is called by:
		_chkisr
 This function uses a non-reentrant model


 *************** function _INT0_isr *****************
 Defined at:
		line 62 in file "C:/Users/Michael Luna/Desktop/ECE 3301 Files/ECE3301L_Spring22_Final_Lab_Sample/Interrupt.c"
 Parameters:    Size  Location     Type
		None
 Auto vars:     Size  Location     Type
		None
 Return value:  Size  Location     Type
		None               void
 Registers used:
		wreg, status,2, status,0, cstack
 Tracked objects:
		On entry : 
		On exit  : 
		Unchanged: 
 Data sizes:     COMRAM   BANK0   BANK1   BANK2   BANK3   BANK4   BANK5   BANK6   BANK7   BANK8   BANK9  BANK10  BANK11  BANK12  BANK13  BANK14  BANK15
      Params:         0       0       0       0       0       0       0       0       0       0       0       0       0       0       0       0       0
      Locals:         0       0       0       0       0       0       0       0       0       0       0       0       0       0       0       0       0
      Temps:          2       0       0       0       0       0       0       0       0       0       0       0       0       0       0       0       0
      Totals:         2       0       0       0       0       0       0       0       0       0       0       0       0       0       0       0       0
Total ram usage:        2 bytes
 Hardware stack levels used:    1
 Hardware stack levels required when called:    1
 This function calls:
		_force_nec_state0
 This function is called by:
		_chkisr
 This function uses a non-reentrant model


 *************** function _force_nec_state0 *****************
 Defined at:
		line 56 in file "C:/Users/Michael Luna/Desktop/ECE 3301 Files/ECE3301L_Spring22_Final_Lab_Sample/Interrupt.c"
 Parameters:    Size  Location     Type
		None
 Auto vars:     Size  Location     Type
		None
 Return value:  Size  Location     Type
		None               void
 Registers used:
		wreg, status,2
 Tracked objects:
		On entry : 
		On exit  : 
		Unchanged: 
 Data sizes:     COMRAM   BANK0   BANK1   BANK2   BANK3   BANK4   BANK5   BANK6   BANK7   BANK8   BANK9  BANK10  BANK11  BANK12  BANK13  BANK14  BANK15
      Params:         0       0       0       0       0       0       0       0       0       0       0       0       0       0       0       0       0
      Locals:         0       0       0       0       0       0       0       0       0       0       0       0       0       0       0       0       0
      Temps:          0       0       0       0       0       0       0       0       0       0       0       0       0       0       0       0       0
      Totals:         0       0       0       0       0       0       0       0       0       0       0       0       0       0       0       0       0
Total ram usage:        0 bytes
 Hardware stack levels used:    1
 This function calls:
		Nothing
 This function is called by:
		_INT0_isr
 This function uses a non-reentrant model



MODULE INFORMATION

Module		Function		Class		Link	Load	Size
C:\Program Files (x86)\Microchip\xc8\v1.34\sources\common\ftge.c
		___ftge        		CODE           	29B8	0000	151

C:\Program Files (x86)\Microchip\xc8\v1.34\sources\common\ftge.c estimated size: 151

C:\Program Files (x86)\Microchip\xc8\v1.34\sources\common\float.c
		___ftpack      		CODE           	2626	0000	199

C:\Program Files (x86)\Microchip\xc8\v1.34\sources\common\float.c estimated size: 199

C:/Users/Michael Luna/Desktop/ECE 3301 Files/ECE3301L_Spring22_Final_Lab_Sample/ST7735_TFT.c
		_drawChar      		CODE           	18B4	0000	343
		_drawCircle    		CODE           	127C	0000	431
		_fillScreen    		CODE           	39C4	0000	29
		_Rcmd3         		CODE           	1F1C	0000	243
		_write_data    		CODE           	3B78	0000	17
		_setAddrWindow 		CODE           	3246	0000	87
		_drawtext      		CODE           	22C8	0000	227
		_fillRect      		CODE           	34C6	0000	75
		_LCD_Reset     		CODE           	3AEC	0000	19
		_drawPixel     		CODE           	3774	0000	49
		_fillRectangle 		CODE           	23AA	0000	221
		_write_command 		CODE           	3B88	0000	17
		_drawFastVLine 		CODE           	2D1A	0000	137
		_Rcmd2red      		CODE           	35A0	0000	63
		_TFT_GreenTab_I		CODE           	3824	0000	43
		_delay_ms      		CODE           	3340	0000	83
		_Rcmd1         		CODE           	1A0A	0000	273
		_spiwrite      		CODE           	3AB2	0000	21

C:/Users/Michael Luna/Desktop/ECE 3301 Files/ECE3301L_Spring22_Final_Lab_Sample/ST7735_TFT.c estimated size: 2378

C:\Program Files (x86)\Microchip\xc8\v1.34\sources\pic18\plib\USART\uopen.c
		_OpenUSART     		CODE           	2F88	0000	113

C:\Program Files (x86)\Microchip\xc8\v1.34\sources\pic18\plib\USART\uopen.c estimated size: 113

C:/Users/Michael Luna/Desktop/ECE 3301 Files/ECE3301L_Spring22_Final_Lab_Sample/Fan_Support.c
		_get_duty_cycle		CODE           	37D0	0000	43
		_Turn_On_Fan   		CODE           	39A8	0000	29
		_get_RPM       		CODE           	3510	0000	73
		_Toggle_Heater 		CODE           	392A	0000	33
		_Turn_Off_Fan  		CODE           	3A72	0000	23
		_Monitor_Heater		CODE           	37A4	0000	45

C:/Users/Michael Luna/Desktop/ECE 3301 Files/ECE3301L_Spring22_Final_Lab_Sample/Fan_Support.c estimated size: 246

C:\Program Files (x86)\Microchip\xc8\v1.34\sources\common\lwmod.c
		___lwmod       		CODE           	347A	0000	77

C:\Program Files (x86)\Microchip\xc8\v1.34\sources\common\lwmod.c estimated size: 77

C:/Users/Michael Luna/Desktop/ECE 3301 Files/ECE3301L_Spring22_Final_Lab_Sample/I2C_Support.c
		_DS3231_Write_A		CODE           	2DA2	0000	133
		_DS3231_Init   		CODE           	27AA	0000	185
		_DS3231_Read_Ti		CODE           	30CE	0000	103
		_DS1621_Init   		CODE           	398A	0000	31
		_DS3231_Write_T		CODE           	2916	0000	163
		_DS1621_Read_Te		CODE           	36D4	0000	61
		_DS3231_Turn_On		CODE           	329C	0000	83
		_DS3231_Read_Al		CODE           	342E	0000	77
		_DS3231_Turn_Of		CODE           	32EE	0000	83

C:/Users/Michael Luna/Desktop/ECE 3301 Files/ECE3301L_Spring22_Final_Lab_Sample/I2C_Support.c estimated size: 919

C:\Program Files (x86)\Microchip\xc8\v1.34\sources\common\awmod.c
		___awmod       		CODE           	2862	0000	181

C:\Program Files (x86)\Microchip\xc8\v1.34\sources\common\awmod.c estimated size: 181

C:\Program Files (x86)\Microchip\xc8\v1.34\sources\common\awtoft.c
		___awtoft      		CODE           	3698	0000	61

C:\Program Files (x86)\Microchip\xc8\v1.34\sources\common\awtoft.c estimated size: 61

C:\Program Files (x86)\Microchip\xc8\v1.34\sources\common\lbtoft.c
		___lbtoft      		CODE           	389C	0000	39

C:\Program Files (x86)\Microchip\xc8\v1.34\sources\common\lbtoft.c estimated size: 39

C:/Users/Michael Luna/Desktop/ECE 3301 Files/ECE3301L_Spring22_Final_Lab_Sample/Main_Screen.c
		_Update_Screen 		CODE           	001C	0000	1587
		_Initialize_Scr		CODE           	064E	0000	897

C:/Users/Michael Luna/Desktop/ECE 3301 Files/ECE3301L_Spring22_Final_Lab_Sample/Main_Screen.c estimated size: 2484

C:/Users/Michael Luna/Desktop/ECE 3301 Files/ECE3301L_Spring22_Final_Lab_Sample/utils.c
		_Do_Beep_Bad   		CODE           	3C28	0000	7
		_Do_Beep_Good  		CODE           	3C22	0000	7
		_Init_ADC      		CODE           	3BA6	0000	15
		_do_update_pwm 		CODE           	2486	0000	215
		_Activate_Buzze		CODE           	3AFE	0000	19
		_Deactivate_Buz		CODE           	3C0A	0000	9
		_Activate_Buzze		CODE           	3B10	0000	19
		_check_for_butt		CODE           	2C92	0000	137
		_Set_RGB_Color 		CODE           	2F16	0000	115
		_dec_2_bcd     		CODE           	2FF8	0000	109
		_read_volt     		CODE           	2E26	0000	125
		_get_full_ADC  		CODE           	3876	0000	39
		_bcd_2_dec     		CODE           	37FA	0000	43
		_Activate_Buzze		CODE           	3ADA	0000	19

C:/Users/Michael Luna/Desktop/ECE 3301 Files/ECE3301L_Spring22_Final_Lab_Sample/utils.c estimated size: 878

C:/Users/Michael Luna/Desktop/ECE 3301 Files/ECE3301L_Spring22_Final_Lab_Sample/Setup_Heater_Temp.c
		_Initialize_Set		CODE           	1E2A	0000	243
		_Update_Setup_H		CODE           	3064	0000	107
		_Do_Setup_Heate		CODE           	2C04	0000	143

C:/Users/Michael Luna/Desktop/ECE 3301 Files/ECE3301L_Spring22_Final_Lab_Sample/Setup_Heater_Temp.c estimated size: 493

C:\Program Files (x86)\Microchip\xc8\v1.34\sources\common\ftmul.c
		___ftmul       		CODE           	1D32	0000	249

C:\Program Files (x86)\Microchip\xc8\v1.34\sources\common\ftmul.c estimated size: 249

C:\Program Files (x86)\Microchip\xc8\v1.34\sources\common\isdigit.c
		_isdigit       		CODE           	3908	0000	35

C:\Program Files (x86)\Microchip\xc8\v1.34\sources\common\isdigit.c estimated size: 35

C:/Users/Michael Luna/Desktop/ECE 3301 Files/ECE3301L_Spring22_Final_Lab_Sample/Interrupt.c
		_INT2_isr      		CODE           	3BEC	0000	11
		_TIMER1_isr    		CODE           	3BB4	0000	15
		_Init_Interrupt		CODE           	38C2	0000	37
		_force_nec_stat		CODE           	3C00	0000	11
		_INT0_isr      		CODE           	15D2	0000	381
		_INT1_isr      		CODE           	3BF6	0000	11
		_chkisr        		CODE           	0008	0000	161

C:/Users/Michael Luna/Desktop/ECE 3301 Files/ECE3301L_Spring22_Final_Lab_Sample/Interrupt.c estimated size: 627

C:\Program Files (x86)\Microchip\xc8\v1.34\sources\common\strlen.c
		_strlen        		CODE           	35DE	0000	63

C:\Program Files (x86)\Microchip\xc8\v1.34\sources\common\strlen.c estimated size: 63

C:\Program Files (x86)\Microchip\xc8\v1.34\sources\common\ftdiv.c
		___ftdiv       		CODE           	21E6	0000	227

C:\Program Files (x86)\Microchip\xc8\v1.34\sources\common\ftdiv.c estimated size: 227

shared
		_font          		MEDIUMCONST    	FC97	0000	256
		_dpowers       		MEDIUMCONST    	FE72	0000	11
		__initializatio		CODE           	2EA2	0000	107
		_hexpowers     		MEDIUMCONST    	FE7C	0000	9
		_font2         		MEDIUMCONST    	FD96	0000	221

shared estimated size: 604

C:\Program Files (x86)\Microchip\xc8\v1.34\sources\common\strcpy.c
		_strcpy        		CODE           	3742	0000	51

C:\Program Files (x86)\Microchip\xc8\v1.34\sources\common\strcpy.c estimated size: 51

C:\Program Files (x86)\Microchip\xc8\v1.34\sources\common\lwdiv.c
		___lwdiv       		CODE           	3190	0000	93

C:\Program Files (x86)\Microchip\xc8\v1.34\sources\common\lwdiv.c estimated size: 93

C:\Program Files (x86)\Microchip\xc8\v1.34\sources\common\awdiv.c
		___awdiv       		CODE           	2A4E	0000	151

C:\Program Files (x86)\Microchip\xc8\v1.34\sources\common\awdiv.c estimated size: 151

C:/Users/Michael Luna/Desktop/ECE 3301 Files/ECE3301L_Spring22_Final_Lab_Sample/I2C_Soft.c
		_I2C_Write_Addr		CODE           	3710	0000	51
		_i2cLowSda     		CODE           	3BE2	0000	11
		_i2cLowScl     		CODE           	3C12	0000	9
		_I2C_Write_Cmd_		CODE           	39E0	0000	27
		_I2C_Write     		CODE           	361C	0000	63
		_I2C_Write_Cmd_		CODE           	396A	0000	33
		_I2C_Stop      		CODE           	3B22	0000	19
		_I2C_Read      		CODE           	3558	0000	73
		_i2cNack       		CODE           	3BD8	0000	11
		_I2C_Init      		CODE           	3BCE	0000	11
		_i2cHighSda    		CODE           	3C1A	0000	9
		_i2cHighScl    		CODE           	3BC2	0000	13
		_I2C_Start     		CODE           	3B34	0000	19
		_i2cAck        		CODE           	3B46	0000	19
		_I2C_Write_Addr		CODE           	394A	0000	33
		_I2C_ReStart   		CODE           	3A88	0000	23

C:/Users/Michael Luna/Desktop/ECE 3301 Files/ECE3301L_Spring22_Final_Lab_Sample/I2C_Soft.c estimated size: 424

C:\Program Files (x86)\Microchip\xc8\v1.34\sources\common\doprnt.c
		_printf        		CODE           	09CE	0000	859

C:\Program Files (x86)\Microchip\xc8\v1.34\sources\common\doprnt.c estimated size: 859

C:/Users/Michael Luna/Desktop/ECE 3301 Files/ECE3301L_Spring22_Final_Lab_Sample/Setup_Time.c
		_Decrease_Time 		CODE           	38E6	0000	35
		_Update_Setup_S		CODE           	0F0E	0000	443
		_Update_Setup_T		CODE           	142A	0000	425
		_Do_Save_New_Ti		CODE           	3A9E	0000	21
		_Increase_Time 		CODE           	2AE4	0000	145
		_Do_Setup_Time 		CODE           	255C	0000	203
		_Update_Setup_S		CODE           	10C8	0000	437
		_Initialize_Set		CODE           	1B1A	0000	269
		_Go_Next_Field 		CODE           	3A12	0000	25
		_Go_Prev_Field 		CODE           	39FA	0000	25
		_Exit_Time_Setu		CODE           	3B58	0000	17

C:/Users/Michael Luna/Desktop/ECE 3301 Files/ECE3301L_Spring22_Final_Lab_Sample/Setup_Time.c estimated size: 2045

C:\Program Files (x86)\Microchip\xc8\v1.34\sources\common\fttol.c
		___fttol       		CODE           	2100	0000	231

C:\Program Files (x86)\Microchip\xc8\v1.34\sources\common\fttol.c estimated size: 231

C:/Users/Michael Luna/Desktop/ECE 3301 Files/ECE3301L_Spring22_Final_Lab_Sample/Setup_Alarm_Time.c
		_Initialize_Set		CODE           	1C26	0000	269
		_Go_Next_Alarm_		CODE           	3A42	0000	25
		_Update_Setup_A		CODE           	200E	0000	243
		_Go_Prev_Alarm_		CODE           	3A2A	0000	25
		_Exit_Setup_Ala		CODE           	3B68	0000	17
		_Do_Save_New_Al		CODE           	3A5A	0000	25
		_Decrease_Alarm		CODE           	33E0	0000	79
		_Increase_Alarm		CODE           	3392	0000	79
		_Do_Setup_Alarm		CODE           	26EC	0000	191

C:/Users/Michael Luna/Desktop/ECE 3301 Files/ECE3301L_Spring22_Final_Lab_Sample/Setup_Alarm_Time.c estimated size: 953

C:\Program Files (x86)\Microchip\xc8\v1.34\sources\common\Umul16.c
		___wmul        		CODE           	384E	0000	41

C:\Program Files (x86)\Microchip\xc8\v1.34\sources\common\Umul16.c estimated size: 41

C:/Users/Michael Luna/Desktop/ECE 3301 Files/ECE3301L_Spring22_Final_Lab_Sample/Main.c
		_Test_Alarm    		CODE           	174E	0000	359
		_putch         		CODE           	3B98	0000	15
		_main          		CODE           	0D28	0000	487
		_init_UART     		CODE           	3AC6	0000	21
		_Do_Init       		CODE           	3134	0000	93

C:/Users/Michael Luna/Desktop/ECE 3301 Files/ECE3301L_Spring22_Final_Lab_Sample/Main.c estimated size: 975

